[     279ms] [LOG] [Fast Refresh] rebuilding @ http://localhost:3000/_next/static/chunks/node_modules_next_dist_115brz8._.js:2477
[     336ms] [LOG] [Fast Refresh] done in 159ms @ http://localhost:3000/_next/static/chunks/node_modules_next_dist_115brz8._.js:2477
[     722ms] [ERROR] Failed to load resource: the server responded with a status of 404 (Not Found) @ http://localhost:3000/bookings/6ea25f0a-48ac-471d-abbc-18b4913f261f:0
[     772ms] [INFO] %cDownload the React DevTools for a better development experience: https://react.dev/link/react-devtools font-weight:bold @ http://localhost:3000/_next/static/chunks/node_modules_next_dist_115brz8._.js:2477
[     789ms] [LOG] [HMR] connected @ http://localhost:3000/_next/static/chunks/node_modules_next_dist_115brz8._.js:2477
[     795ms] [LOG] %c%s%c [BookingDetailPage] id = background: #e6e6e6;background: light-dark(rgba(0,0,0,0.1), rgba(255,255,255,0.25));color: #000000;color: light-dark(#000000, #ffffff);border-radius: 2px  Server   6ea25f0a-48ac-471d-abbc-18b4913f261f @ http://localhost:3000/_next/static/chunks/node_modules_next_dist_115brz8._.js:2477
[     795ms] [LOG] %c%s%c [BookingDetailPage] raw = background: #e6e6e6;background: light-dark(rgba(0,0,0,0.1), rgba(255,255,255,0.25));color: #000000;color: light-dark(#000000, #ffffff);border-radius: 2px  Server   null venue.id = 0b96c3d5-0229-4728-be2e-1bc086281f38 booking id = 6ea25f0a-48ac-471d-abbc-18b4913f261f @ http://localhost:3000/_next/static/chunks/node_modules_next_dist_115brz8._.js:2477
[   26239ms] [LOG] [Fast Refresh] rebuilding @ http://localhost:3000/_next/static/chunks/node_modules_next_dist_115brz8._.js:2477
[   26292ms] [LOG] [Fast Refresh] done in 32ms @ http://localhost:3000/_next/static/chunks/node_modules_next_dist_115brz8._.js:2477
[   26555ms] [LOG] [Fast Refresh] rebuilding @ http://localhost:3000/_next/static/chunks/node_modules_next_dist_115brz8._.js:2477
[   26670ms] [LOG] %c%s%c [BookingDetailPage] id = background: #e6e6e6;background: light-dark(rgba(0,0,0,0.1), rgba(255,255,255,0.25));color: #000000;color: light-dark(#000000, #ffffff);border-radius: 2px  Server   6ea25f0a-48ac-471d-abbc-18b4913f261f @ http://localhost:3000/_next/static/chunks/node_modules_next_dist_115brz8._.js:2477
[   26711ms] [LOG] [Fast Refresh] done in 263ms @ http://localhost:3000/_next/static/chunks/node_modules_next_dist_115brz8._.js:2477
[   26820ms] [LOG] %c%s%c [BookingDetailPage] raw = background: #e6e6e6;background: light-dark(rgba(0,0,0,0.1), rgba(255,255,255,0.25));color: #000000;color: light-dark(#000000, #ffffff);border-radius: 2px  Server   null venue.id = 0b96c3d5-0229-4728-be2e-1bc086281f38 booking id = 6ea25f0a-48ac-471d-abbc-18b4913f261f @ http://localhost:3000/_next/static/chunks/node_modules_next_dist_115brz8._.js:2477
[   26875ms] [LOG] %c%s%c [BookingDetailPage] id = background: #e6e6e6;background: light-dark(rgba(0,0,0,0.1), rgba(255,255,255,0.25));color: #000000;color: light-dark(#000000, #ffffff);border-radius: 2px  Server   6ea25f0a-48ac-471d-abbc-18b4913f261f @ http://localhost:3000/_next/static/chunks/node_modules_next_dist_115brz8._.js:2477
[   27006ms] [LOG] %c%s%c [BookingDetailPage] raw = background: #e6e6e6;background: light-dark(rgba(0,0,0,0.1), rgba(255,255,255,0.25));color: #000000;color: light-dark(#000000, #ffffff);border-radius: 2px  Server   null venue.id = 0b96c3d5-0229-4728-be2e-1bc086281f38 booking id = 6ea25f0a-48ac-471d-abbc-18b4913f261f @ http://localhost:3000/_next/static/chunks/node_modules_next_dist_115brz8._.js:2477
[   36755ms] [LOG] [Fast Refresh] rebuilding @ http://localhost:3000/_next/static/chunks/node_modules_next_dist_115brz8._.js:2477
[   36811ms] [LOG] [Fast Refresh] done in 32ms @ http://localhost:3000/_next/static/chunks/node_modules_next_dist_115brz8._.js:2477
[   37055ms] [LOG] [Fast Refresh] rebuilding @ http://localhost:3000/_next/static/chunks/node_modules_next_dist_115brz8._.js:2477
[   37150ms] [LOG] %c%s%c [BookingDetailPage] id = background: #e6e6e6;background: light-dark(rgba(0,0,0,0.1), rgba(255,255,255,0.25));color: #000000;color: light-dark(#000000, #ffffff);border-radius: 2px  Server   6ea25f0a-48ac-471d-abbc-18b4913f261f @ http://localhost:3000/_next/static/chunks/node_modules_next_dist_115brz8._.js:2477
[   37181ms] [LOG] [Fast Refresh] done in 232ms @ http://localhost:3000/_next/static/chunks/node_modules_next_dist_115brz8._.js:2477
[   37296ms] [LOG] %c%s%c [BookingDetailPage] raw = background: #e6e6e6;background: light-dark(rgba(0,0,0,0.1), rgba(255,255,255,0.25));color: #000000;color: light-dark(#000000, #ffffff);border-radius: 2px  Server   null error = column bookings.time_status does not exist venue.id = 0b96c3d5-0229-4728-be2e-1bc086281f38 @ http://localhost:3000/_next/static/chunks/node_modules_next_dist_115brz8._.js:2477
[   37365ms] [LOG] %c%s%c [BookingDetailPage] id = background: #e6e6e6;background: light-dark(rgba(0,0,0,0.1), rgba(255,255,255,0.25));color: #000000;color: light-dark(#000000, #ffffff);border-radius: 2px  Server   6ea25f0a-48ac-471d-abbc-18b4913f261f @ http://localhost:3000/_next/static/chunks/node_modules_next_dist_115brz8._.js:2477
[   37490ms] [LOG] %c%s%c [BookingDetailPage] raw = background: #e6e6e6;background: light-dark(rgba(0,0,0,0.1), rgba(255,255,255,0.25));color: #000000;color: light-dark(#000000, #ffffff);border-radius: 2px  Server   null error = column bookings.time_status does not exist venue.id = 0b96c3d5-0229-4728-be2e-1bc086281f38 @ http://localhost:3000/_next/static/chunks/node_modules_next_dist_115brz8._.js:2477
